// Vitest Snapshot v1, https://vitest.dev/guide/snapshot.html

exports[`array 1`] = `
[
  {
    "locale": "",
    "resource": {
      "en": {
        "foo": [
          [
            [Function],
          ],
          [Function],
        ],
      },
    },
  },
]
`;

exports[`basic 1`] = `
[
  {
    "locale": "",
    "resource": {
      "en": {
        "hello": [Function],
      },
    },
  },
]
`;

exports[`default lang 1`] = `
[
  {
    "locale": "",
    "resource": {
      "en": {
        "hello": [Function],
      },
    },
  },
]
`;

exports[`default lang and global scope 1`] = `
[
  {
    "locale": "",
    "resource": {
      "en": {
        "hello": [Function],
      },
    },
  },
]
`;

exports[`global 1`] = `
[
  {
    "locale": "ja",
    "resource": {
      "hello": [Function],
    },
  },
]
`;

exports[`global 2`] = `
[
  {
    "locale": "",
    "resource": {
      "en": {
        "hello": [Function],
      },
    },
  },
]
`;

exports[`global scope and import 1`] = `
[
  {
    "locale": "",
    "resource": {
      "en": {
        "hello": [Function],
      },
    },
  },
]
`;

exports[`import 1`] = `
[
  {
    "locale": "",
    "resource": {
      "en": {
        "hello": [Function],
      },
    },
  },
]
`;

exports[`jitCompilation 1`] = `
[
  {
    "locale": "",
    "resource": {
      "en": {
        "hello": {
          "body": {
            "end": 12,
            "items": [
              {
                "end": 12,
                "loc": {
                  "end": {
                    "column": 13,
                    "line": 1,
                    "offset": 12,
                  },
                  "start": {
                    "column": 1,
                    "line": 1,
                    "offset": 0,
                  },
                },
                "start": 0,
                "type": 3,
              },
            ],
            "loc": {
              "end": {
                "column": 13,
                "line": 1,
                "offset": 12,
              },
              "start": {
                "column": 1,
                "line": 1,
                "offset": 0,
              },
            },
            "start": 0,
            "static": "hello world!",
            "type": 2,
          },
          "end": 12,
          "loc": {
            "end": {
              "column": 13,
              "line": 1,
              "offset": 12,
            },
            "source": "hello world!",
            "start": {
              "column": 1,
              "line": 1,
              "offset": 0,
            },
          },
          "start": 0,
          "type": 0,
        },
      },
    },
  },
]
`;

exports[`json: exclude locales 1`] = `
[
  {
    "locale": "",
    "resource": {},
  },
]
`;

exports[`json5 1`] = `
[
  {
    "locale": "",
    "resource": {
      "en": {
        "hello": [Function],
      },
    },
  },
]
`;

exports[`json5: exclude locales 1`] = `
[
  {
    "locale": "",
    "resource": {},
  },
]
`;

exports[`locale attr 1`] = `
[
  {
    "locale": "ja",
    "resource": {
      "hello": [Function],
    },
  },
]
`;

exports[`locale attr and basic 1`] = `
[
  {
    "locale": "",
    "resource": {
      "en": {
        "hello": [Function],
      },
    },
  },
  {
    "locale": "ja",
    "resource": {
      "hello": [Function],
    },
  },
]
`;

exports[`locale attr and import 1`] = `
[
  {
    "locale": "en",
    "resource": {
      "hello": [Function],
    },
  },
]
`;

exports[`multiple 1`] = `
[
  {
    "locale": "",
    "resource": {
      "en": {
        "hello": [Function],
      },
    },
  },
  {
    "locale": "",
    "resource": {
      "ja": {
        "hello": [Function],
      },
    },
  },
]
`;

exports[`special characters 1`] = `
[
  {
    "locale": "",
    "resource": {
      "en": {
        "hello": [Function],
      },
    },
  },
]
`;

exports[`yaml 1`] = `
[
  {
    "locale": "en",
    "resource": {
      "hello": [Function],
    },
  },
  {
    "locale": "ja",
    "resource": {
      "hello": [Function],
    },
  },
]
`;

exports[`yaml: exclude locales 1`] = `
[
  {
    "locale": "en",
    "resource": {
      "hello": [Function],
    },
  },
  {
    "locale": "ja",
    "resource": {
      "hello": [Function],
    },
  },
]
`;
