// Vitest Snapshot v1, https://vitest.dev/guide/snapshot.html

exports[`resource files: json 1`] = `";;;;;;;;AAAA;AACA,cAAc,mCAAmC,SAAS,+BAA+B,QAAQ,iCAAiC,mBAAmB,uBAAuB,GAAG,GAAG,SAAS,GAAG,QAAQ,SAAS,mCAAmC,SAAS,+BAA+B,QAAQ,kCAAkC,WAAW,mCAAmC,SAAS,+BAA+B,QAAQ,kCAAkC,WAAW,mCAAmC,SAAS,+BAA+B,QAAQ,kCAAkC,aAAa,kCAAkC,SAAS,+BAA+B,QAAQ,gCAAgC,gBAAgB,QAAQ,mCAAmC,SAAS,+BAA+B,QAAQ,kCAAkC,sBAAsB,EAAE,EAAE,oCAAoC,SAAS,iCAAiC,QAAQ,kCAAkC,WAAW,oCAAoC,SAAS,iCAAiC,QAAQ,kCAAkC,WAAW,EAAE,oCAAoC,SAAS,iCAAiC,QAAQ,kCAAkC,kBAAkB,EAAE,EAAE,oCAAoC,SAAS,iCAAiC,QAAQ,kCAAkC,WAAW,oCAAoC,SAAS,iCAAiC,QAAQ,kCAAkC,WAAW,EAAE,oCAAoC,SAAS,iCAAiC,QAAQ,kCAAkC,mBAAmB,EAAE,GAAG;AACxpD;AACA,cAAc,mCAAmC,SAAS,+BAA+B,QAAQ,iCAAiC,kBAAkB,KAAK,GAAG,SAAS,mCAAmC,SAAS,+BAA+B,QAAQ,kCAAkC,WAAW,kCAAkC,SAAS,+BAA+B,QAAQ,gCAAgC,kBAAkB,EAAE,mCAAmC,SAAS,+BAA+B,QAAQ,kCAAkC,cAAc,EAAE,oCAAoC,SAAS,iCAAiC,QAAQ,kCAAkC,aAAa;AACrrB,GAAG;AACH;AACA,KAAK,kCAAkC,SAAS,+BAA+B,QAAQ,+BAA+B,kBAAkB,SAAS,kCAAkC,SAAS,+BAA+B,QAAQ,gCAAgC,WAAW,kCAAkC,SAAS,+BAA+B,QAAQ,iCAAiC,oBAAoB;AACrZ;AACA;AACA,cAAc,kCAAkC,SAAS,+BAA+B,QAAQ,+BAA+B,kBAAkB,SAAS,kCAAkC,SAAS,+BAA+B,QAAQ,gCAAgC,WAAW,kCAAkC,SAAS,+BAA+B,QAAQ,iCAAiC;AAC1Y;AACA;AACA;AACA,6DAAe;;;;;;;;;;;;;;;;;;;;;;;;;;;;;;;;;;;;;;;;;;;;;;;;;;;;;;;;;;;;;;;;;;;;;;;;;ACbgB;AACG;;AAElC;AACA,kBAAkB,+CAAS;AAC3B,mBAAmB,oCAAO;AAC1B;;AAEA,6DAAe,+CAAS"`;

exports[`resource files: json5 1`] = `";;;;;;;;AAAA;AACA,cAAc,mCAAmC,SAAS,+BAA+B,QAAQ,iCAAiC,mBAAmB,uBAAuB,GAAG,GAAG,SAAS,GAAG,QAAQ,SAAS,mCAAmC,SAAS,+BAA+B,QAAQ,kCAAkC,WAAW,mCAAmC,SAAS,+BAA+B,QAAQ,kCAAkC,WAAW,mCAAmC,SAAS,+BAA+B,QAAQ,kCAAkC,aAAa,kCAAkC,SAAS,+BAA+B,QAAQ,gCAAgC,gBAAgB,QAAQ,mCAAmC,SAAS,+BAA+B,QAAQ,kCAAkC,sBAAsB,EAAE,EAAE,oCAAoC,SAAS,iCAAiC,QAAQ,kCAAkC,WAAW,oCAAoC,SAAS,iCAAiC,QAAQ,kCAAkC,WAAW,EAAE,oCAAoC,SAAS,iCAAiC,QAAQ,kCAAkC,kBAAkB,EAAE,EAAE,oCAAoC,SAAS,iCAAiC,QAAQ,kCAAkC,WAAW,oCAAoC,SAAS,iCAAiC,QAAQ,kCAAkC,WAAW,EAAE,oCAAoC,SAAS,iCAAiC,QAAQ,kCAAkC,mBAAmB,EAAE;AACrpD;AACA,6DAAe;;;;;;;;;;;;;;;;;;;;;;;;;;;;;;;;;;;;;;;;;;;;;;;;;;;;;;;;;;;;;;;;;;;;;;;;;ACHgB;AACG;;AAElC;AACA,kBAAkB,+CAAS;AAC3B,mBAAmB,oCAAO;AAC1B;;AAEA,6DAAe,+CAAS"`;

exports[`resource files: yaml 1`] = `";;;;;;;;AAAA;AACA,cAAc,mCAAmC,SAAS,+BAA+B,QAAQ,iCAAiC,mBAAmB,uBAAuB,GAAG,GAAG,SAAS,GAAG,QAAQ,SAAS,mCAAmC,SAAS,+BAA+B,QAAQ,kCAAkC,WAAW,mCAAmC,SAAS,+BAA+B,QAAQ,kCAAkC,WAAW,mCAAmC,SAAS,+BAA+B,QAAQ,kCAAkC,aAAa,kCAAkC,SAAS,+BAA+B,QAAQ,gCAAgC,gBAAgB,QAAQ,mCAAmC,SAAS,+BAA+B,QAAQ,kCAAkC,sBAAsB,EAAE,EAAE,oCAAoC,SAAS,iCAAiC,QAAQ,kCAAkC,WAAW,oCAAoC,SAAS,iCAAiC,QAAQ,kCAAkC,WAAW,EAAE,oCAAoC,SAAS,iCAAiC,QAAQ,kCAAkC,kBAAkB,EAAE,EAAE,oCAAoC,SAAS,iCAAiC,QAAQ,kCAAkC,WAAW,oCAAoC,SAAS,iCAAiC,QAAQ,kCAAkC,WAAW,EAAE,oCAAoC,SAAS,iCAAiC,QAAQ,kCAAkC,mBAAmB,EAAE;AACrpD;AACA,6DAAe;;;;;;;;;;;;;;;;;;;;;;;;;;;;;;;;;;;;;;;;;;;;;;;;;;;;;;;;;;;;;;;;;;;;;;;;;ACHgB;AACG;;AAElC;AACA,kBAAkB,+CAAS;AAC3B,mBAAmB,oCAAO;AAC1B;;AAEA,6DAAe,+CAAS"`;
