// Vitest Snapshot v1, https://vitest.dev/guide/snapshot.html

exports[`custom blocks: json > vite 1`] = `";;;;;;;;;;;;;;;;;;;;;;;;;;;;;AAGA,IAAI,OAAO,WAAW,aAAa;AACjC,SAAO,SAAS;AAChB,SAAO,UAAU;AACnB;"`;

exports[`custom blocks: json5 > vite 1`] = `";;;;;;;;;;;;;;;;;;;;;;;;;;;;;AAGA,IAAI,OAAO,WAAW,aAAa;AACjC,SAAO,SAAS;AAChB,SAAO,UAAU;AACnB;"`;

exports[`custom blocks: yaml > vite 1`] = `";;;;;;;;;;;;;;;;;;;;;;;;;;;;;;;;;;;;;;AAGA,IAAI,OAAO,WAAW,aAAa;AACjC,SAAO,SAAS;AAChB,SAAO,UAAU;AACnB;"`;

exports[`custom blocks: yml > vite 1`] = `";;;;;;;;;;;;;;;;;;;;;;;;;;;AAGA,IAAI,OAAO,WAAW,aAAa;AACjC,SAAO,SAAS;AAChB,SAAO,UAAU;AACnB;"`;

exports[`resource files: json > rspack 1`] = `";;;;;;;;AAAA;AACA,cAAc,mCAAmC,SAAS,+BAA+B,QAAQ,iCAAiC,mBAAmB,uBAAuB,GAAG,GAAG,SAAS,GAAG,QAAQ,SAAS,mCAAmC,SAAS,+BAA+B,QAAQ,kCAAkC,WAAW,mCAAmC,SAAS,+BAA+B,QAAQ,kCAAkC,WAAW,mCAAmC,SAAS,+BAA+B,QAAQ,kCAAkC,aAAa,kCAAkC,SAAS,+BAA+B,QAAQ,gCAAgC,gBAAgB,QAAQ,mCAAmC,SAAS,+BAA+B,QAAQ,kCAAkC,sBAAsB,EAAE,EAAE,oCAAoC,SAAS,iCAAiC,QAAQ,kCAAkC,WAAW,oCAAoC,SAAS,iCAAiC,QAAQ,kCAAkC,WAAW,EAAE,oCAAoC,SAAS,iCAAiC,QAAQ,kCAAkC,kBAAkB,EAAE,EAAE,oCAAoC,SAAS,iCAAiC,QAAQ,kCAAkC,WAAW,oCAAoC,SAAS,iCAAiC,QAAQ,kCAAkC,WAAW,EAAE,oCAAoC,SAAS,iCAAiC,QAAQ,kCAAkC,mBAAmB,EAAE,GAAG;AACxpD;AACA,cAAc,mCAAmC,SAAS,+BAA+B,QAAQ,iCAAiC,kBAAkB,KAAK,GAAG,SAAS,mCAAmC,SAAS,+BAA+B,QAAQ,kCAAkC,WAAW,kCAAkC,SAAS,+BAA+B,QAAQ,gCAAgC,kBAAkB,EAAE,mCAAmC,SAAS,+BAA+B,QAAQ,kCAAkC,cAAc,EAAE,oCAAoC,SAAS,iCAAiC,QAAQ,kCAAkC,aAAa;AACrrB,GAAG;AACH;AACA,KAAK,kCAAkC,SAAS,+BAA+B,QAAQ,+BAA+B,kBAAkB,SAAS,kCAAkC,SAAS,+BAA+B,QAAQ,gCAAgC,WAAW,kCAAkC,SAAS,+BAA+B,QAAQ,iCAAiC,oBAAoB;AACrZ;AACA;AACA,cAAc,kCAAkC,SAAS,+BAA+B,QAAQ,+BAA+B,kBAAkB,SAAS,kCAAkC,SAAS,+BAA+B,QAAQ,gCAAgC,WAAW,kCAAkC,SAAS,+BAA+B,QAAQ,iCAAiC;AAC1Y;AACA;AACA;AACA,6DAAe;;;;;;;;;;;;;;;;;;;;;;;;;;;;;;;;;;;;;;;;;;;;;;;;;;;;;;;;;;;;;;;;;;;;;;;;;ACbgB;AACG;;AAElC;AACA,kBAAkB,+CAAS;AAC3B,mBAAmB,oCAAO;AAC1B;;AAEA,6DAAe,+CAAS"`;

exports[`resource files: json > vite 1`] = `";;;;;;;;;;;;;;;;;AAGA,IAAI,OAAO,WAAW,aAAa;AACjC,SAAO,SAASA;AAChB,SAAO,UAAU;AACnB;"`;

exports[`resource files: json > webpack 1`] = `";;;;;;;;;;;;;;AAAA;AACA,cAAc,mCAAmC,SAAS,+BAA+B,QAAQ,iCAAiC,mBAAmB,uBAAuB,GAAG,GAAG,SAAS,GAAG,QAAQ,SAAS,mCAAmC,SAAS,+BAA+B,QAAQ,kCAAkC,WAAW,mCAAmC,SAAS,+BAA+B,QAAQ,kCAAkC,WAAW,mCAAmC,SAAS,+BAA+B,QAAQ,kCAAkC,aAAa,kCAAkC,SAAS,+BAA+B,QAAQ,gCAAgC,gBAAgB,QAAQ,mCAAmC,SAAS,+BAA+B,QAAQ,kCAAkC,sBAAsB,EAAE,EAAE,oCAAoC,SAAS,iCAAiC,QAAQ,kCAAkC,WAAW,oCAAoC,SAAS,iCAAiC,QAAQ,kCAAkC,WAAW,EAAE,oCAAoC,SAAS,iCAAiC,QAAQ,kCAAkC,kBAAkB,EAAE,EAAE,oCAAoC,SAAS,iCAAiC,QAAQ,kCAAkC,WAAW,oCAAoC,SAAS,iCAAiC,QAAQ,kCAAkC,WAAW,EAAE,oCAAoC,SAAS,iCAAiC,QAAQ,kCAAkC,mBAAmB,EAAE,GAAG;AACxpD;AACA,cAAc,mCAAmC,SAAS,+BAA+B,QAAQ,iCAAiC,kBAAkB,KAAK,GAAG,SAAS,mCAAmC,SAAS,+BAA+B,QAAQ,kCAAkC,WAAW,kCAAkC,SAAS,+BAA+B,QAAQ,gCAAgC,kBAAkB,EAAE,mCAAmC,SAAS,+BAA+B,QAAQ,kCAAkC,cAAc,EAAE,oCAAoC,SAAS,iCAAiC,QAAQ,kCAAkC,aAAa;AACrrB,GAAG;AACH;AACA,KAAK,kCAAkC,SAAS,+BAA+B,QAAQ,+BAA+B,kBAAkB,SAAS,kCAAkC,SAAS,+BAA+B,QAAQ,gCAAgC,WAAW,kCAAkC,SAAS,+BAA+B,QAAQ,iCAAiC,oBAAoB;AACrZ;AACA;AACA,cAAc,kCAAkC,SAAS,+BAA+B,QAAQ,+BAA+B,kBAAkB,SAAS,kCAAkC,SAAS,+BAA+B,QAAQ,gCAAgC,WAAW,kCAAkC,SAAS,+BAA+B,QAAQ,iCAAiC;AAC1Y;AACA;AACA;AACA,iEAAe;;;;;;UCbf;UACA;;UAEA;UACA;UACA;UACA;UACA;UACA;UACA;UACA;UACA;UACA;UACA;UACA;UACA;;UAEA;UACA;;UAEA;UACA;UACA;;;;;WCtBA;WACA;WACA;WACA;WACA,yCAAyC,wCAAwC;WACjF;WACA;WACA;;;;;WCPA;;;;;WCAA;WACA;WACA;WACA,uDAAuD,iBAAiB;WACxE;WACA,gDAAgD,aAAa;WAC7D;;;;;;;;;;;;;ACN+B;AACG;;AAElC;AACA,kBAAkB,+CAAS;AAC3B,mBAAmB,oCAAO;AAC1B;;AAEA,iEAAe,+CAAS"`;

exports[`resource files: json5 > rspack 1`] = `";;;;;;;;AAAA;AACA,cAAc,mCAAmC,SAAS,+BAA+B,QAAQ,iCAAiC,mBAAmB,uBAAuB,GAAG,GAAG,SAAS,GAAG,QAAQ,SAAS,mCAAmC,SAAS,+BAA+B,QAAQ,kCAAkC,WAAW,mCAAmC,SAAS,+BAA+B,QAAQ,kCAAkC,WAAW,mCAAmC,SAAS,+BAA+B,QAAQ,kCAAkC,aAAa,kCAAkC,SAAS,+BAA+B,QAAQ,gCAAgC,gBAAgB,QAAQ,mCAAmC,SAAS,+BAA+B,QAAQ,kCAAkC,sBAAsB,EAAE,EAAE,oCAAoC,SAAS,iCAAiC,QAAQ,kCAAkC,WAAW,oCAAoC,SAAS,iCAAiC,QAAQ,kCAAkC,WAAW,EAAE,oCAAoC,SAAS,iCAAiC,QAAQ,kCAAkC,kBAAkB,EAAE,EAAE,oCAAoC,SAAS,iCAAiC,QAAQ,kCAAkC,WAAW,oCAAoC,SAAS,iCAAiC,QAAQ,kCAAkC,WAAW,EAAE,oCAAoC,SAAS,iCAAiC,QAAQ,kCAAkC,mBAAmB,EAAE;AACrpD;AACA,6DAAe;;;;;;;;;;;;;;;;;;;;;;;;;;;;;;;;;;;;;;;;;;;;;;;;;;;;;;;;;;;;;;;;;;;;;;;;;ACHgB;AACG;;AAElC;AACA,kBAAkB,+CAAS;AAC3B,mBAAmB,oCAAO;AAC1B;;AAEA,6DAAe,+CAAS"`;

exports[`resource files: json5 > vite 1`] = `";;;;;;;AAGA,IAAI,OAAO,WAAW,aAAa;AACjC,SAAO,SAASA;AAChB,SAAO,UAAU;AACnB;"`;

exports[`resource files: json5 > webpack 1`] = `";;;;;;;;;;;;;;AAAA;AACA,cAAc,mCAAmC,SAAS,+BAA+B,QAAQ,iCAAiC,mBAAmB,uBAAuB,GAAG,GAAG,SAAS,GAAG,QAAQ,SAAS,mCAAmC,SAAS,+BAA+B,QAAQ,kCAAkC,WAAW,mCAAmC,SAAS,+BAA+B,QAAQ,kCAAkC,WAAW,mCAAmC,SAAS,+BAA+B,QAAQ,kCAAkC,aAAa,kCAAkC,SAAS,+BAA+B,QAAQ,gCAAgC,gBAAgB,QAAQ,mCAAmC,SAAS,+BAA+B,QAAQ,kCAAkC,sBAAsB,EAAE,EAAE,oCAAoC,SAAS,iCAAiC,QAAQ,kCAAkC,WAAW,oCAAoC,SAAS,iCAAiC,QAAQ,kCAAkC,WAAW,EAAE,oCAAoC,SAAS,iCAAiC,QAAQ,kCAAkC,kBAAkB,EAAE,EAAE,oCAAoC,SAAS,iCAAiC,QAAQ,kCAAkC,WAAW,oCAAoC,SAAS,iCAAiC,QAAQ,kCAAkC,WAAW,EAAE,oCAAoC,SAAS,iCAAiC,QAAQ,kCAAkC,mBAAmB,EAAE;AACrpD;AACA,iEAAe;;;;;;UCHf;UACA;;UAEA;UACA;UACA;UACA;UACA;UACA;UACA;UACA;UACA;UACA;UACA;UACA;UACA;;UAEA;UACA;;UAEA;UACA;UACA;;;;;WCtBA;WACA;WACA;WACA;WACA,yCAAyC,wCAAwC;WACjF;WACA;WACA;;;;;WCPA;;;;;WCAA;WACA;WACA;WACA,uDAAuD,iBAAiB;WACxE;WACA,gDAAgD,aAAa;WAC7D;;;;;;;;;;;;;ACN+B;AACG;;AAElC;AACA,kBAAkB,+CAAS;AAC3B,mBAAmB,oCAAO;AAC1B;;AAEA,iEAAe,+CAAS"`;

exports[`resource files: yaml > rspack 1`] = `";;;;;;;;AAAA;AACA,cAAc,mCAAmC,SAAS,+BAA+B,QAAQ,iCAAiC,mBAAmB,uBAAuB,GAAG,GAAG,SAAS,GAAG,QAAQ,SAAS,mCAAmC,SAAS,+BAA+B,QAAQ,kCAAkC,WAAW,mCAAmC,SAAS,+BAA+B,QAAQ,kCAAkC,WAAW,mCAAmC,SAAS,+BAA+B,QAAQ,kCAAkC,aAAa,kCAAkC,SAAS,+BAA+B,QAAQ,gCAAgC,gBAAgB,QAAQ,mCAAmC,SAAS,+BAA+B,QAAQ,kCAAkC,sBAAsB,EAAE,EAAE,oCAAoC,SAAS,iCAAiC,QAAQ,kCAAkC,WAAW,oCAAoC,SAAS,iCAAiC,QAAQ,kCAAkC,WAAW,EAAE,oCAAoC,SAAS,iCAAiC,QAAQ,kCAAkC,kBAAkB,EAAE,EAAE,oCAAoC,SAAS,iCAAiC,QAAQ,kCAAkC,WAAW,oCAAoC,SAAS,iCAAiC,QAAQ,kCAAkC,WAAW,EAAE,oCAAoC,SAAS,iCAAiC,QAAQ,kCAAkC,mBAAmB,EAAE;AACrpD;AACA,6DAAe;;;;;;;;;;;;;;;;;;;;;;;;;;;;;;;;;;;;;;;;;;;;;;;;;;;;;;;;;;;;;;;;;;;;;;;;;ACHgB;AACG;;AAElC;AACA,kBAAkB,+CAAS;AAC3B,mBAAmB,oCAAO;AAC1B;;AAEA,6DAAe,+CAAS"`;

exports[`resource files: yaml > vite 1`] = `";;;;;;;AAGA,IAAI,OAAO,WAAW,aAAa;AACjC,SAAO,SAASA;AAChB,SAAO,UAAU;AACnB;"`;

exports[`resource files: yaml > webpack 1`] = `";;;;;;;;;;;;;;AAAA;AACA,cAAc,mCAAmC,SAAS,+BAA+B,QAAQ,iCAAiC,mBAAmB,uBAAuB,GAAG,GAAG,SAAS,GAAG,QAAQ,SAAS,mCAAmC,SAAS,+BAA+B,QAAQ,kCAAkC,WAAW,mCAAmC,SAAS,+BAA+B,QAAQ,kCAAkC,WAAW,mCAAmC,SAAS,+BAA+B,QAAQ,kCAAkC,aAAa,kCAAkC,SAAS,+BAA+B,QAAQ,gCAAgC,gBAAgB,QAAQ,mCAAmC,SAAS,+BAA+B,QAAQ,kCAAkC,sBAAsB,EAAE,EAAE,oCAAoC,SAAS,iCAAiC,QAAQ,kCAAkC,WAAW,oCAAoC,SAAS,iCAAiC,QAAQ,kCAAkC,WAAW,EAAE,oCAAoC,SAAS,iCAAiC,QAAQ,kCAAkC,kBAAkB,EAAE,EAAE,oCAAoC,SAAS,iCAAiC,QAAQ,kCAAkC,WAAW,oCAAoC,SAAS,iCAAiC,QAAQ,kCAAkC,WAAW,EAAE,oCAAoC,SAAS,iCAAiC,QAAQ,kCAAkC,mBAAmB,EAAE;AACrpD;AACA,iEAAe;;;;;;UCHf;UACA;;UAEA;UACA;UACA;UACA;UACA;UACA;UACA;UACA;UACA;UACA;UACA;UACA;UACA;;UAEA;UACA;;UAEA;UACA;UACA;;;;;WCtBA;WACA;WACA;WACA;WACA,yCAAyC,wCAAwC;WACjF;WACA;WACA;;;;;WCPA;;;;;WCAA;WACA;WACA;WACA,uDAAuD,iBAAiB;WACxE;WACA,gDAAgD,aAAa;WAC7D;;;;;;;;;;;;;ACN+B;AACG;;AAElC;AACA,kBAAkB,+CAAS;AAC3B,mBAAmB,oCAAO;AAC1B;;AAEA,iEAAe,+CAAS"`;
