// Vitest Snapshot v1, https://vitest.dev/guide/snapshot.html

exports[`AST code generation > code 1`] = `
"const resource = {
  \\"hi\\": {\\"type\\":0,\\"body\\":{\\"type\\":2,\\"items\\":[{\\"type\\":3,\\"value\\":\\"hi there!\\"}],\\"static\\":\\"hi there!\\"}},
  \\"nested\\": {
    \\"hello\\": {\\"type\\":0,\\"body\\":{\\"type\\":2,\\"items\\":[{\\"type\\":3,\\"value\\":\\"hello world!\\"}],\\"static\\":\\"hello world!\\"}},
    \\"more\\": {
      \\"plural\\": {\\"type\\":0,\\"body\\":{\\"type\\":1,\\"cases\\":[{\\"type\\":2,\\"items\\":[{\\"type\\":6,\\"modifier\\":{\\"type\\":8,\\"value\\":\\"caml\\"},\\"key\\":{\\"type\\":9,\\"value\\":\\"no apples\\"}}]},{\\"type\\":2,\\"items\\":[{\\"type\\":5,\\"index\\":0},{\\"type\\":3,\\"value\\":\\" apple\\"}]},{\\"type\\":2,\\"items\\":[{\\"type\\":4,\\"key\\":\\"n\\"},{\\"type\\":3,\\"value\\":\\" apples\\"}]}]}}
    },
    \\"list\\": {\\"type\\":0,\\"body\\":{\\"type\\":2,\\"items\\":[{\\"type\\":3,\\"value\\":\\"hi, \\"},{\\"type\\":5,\\"index\\":0},{\\"type\\":3,\\"value\\":\\" !\\"}]}}
  },
  \\"„Åì„Çì„Å´„Å°„ÅØ\\": {\\"type\\":0,\\"body\\":{\\"type\\":2,\\"items\\":[{\\"type\\":3,\\"value\\":\\"„Åì„Çì„Å´„Å°„ÅØÔºÅ\\"}],\\"static\\":\\"„Åì„Çì„Å´„Å°„ÅØÔºÅ\\"}},
  \\"single-quote\\": {\\"type\\":0,\\"body\\":{\\"type\\":2,\\"items\\":[{\\"type\\":3,\\"value\\":\\"I don\\\\u0027t know!\\"}],\\"static\\":\\"I don\\\\u0027t know!\\"}},
  \\"emoji\\": {\\"type\\":0,\\"body\\":{\\"type\\":2,\\"items\\":[{\\"type\\":3,\\"value\\":\\"üò∫\\"}],\\"static\\":\\"üò∫\\"}},
  \\"unicode\\": {\\"type\\":0,\\"body\\":{\\"type\\":2,\\"items\\":[{\\"type\\":3,\\"value\\":\\"A\\"}],\\"static\\":\\"A\\"}},
  \\"unicode-escape\\": {\\"type\\":0,\\"body\\":{\\"type\\":2,\\"items\\":[{\\"type\\":3,\\"value\\":\\"\\\\\\\\u0041\\"}],\\"static\\":\\"\\\\\\\\u0041\\"}},
  \\"backslash-single-quote\\": {\\"type\\":0,\\"body\\":{\\"type\\":2,\\"items\\":[{\\"type\\":3,\\"value\\":\\"\\\\\\\\\\\\u0027\\"}],\\"static\\":\\"\\\\\\\\\\\\u0027\\"}},
  \\"backslash-backslash\\": {\\"type\\":0,\\"body\\":{\\"type\\":2,\\"items\\":[{\\"type\\":3,\\"value\\":\\"\\\\\\\\\\\\\\\\\\"}],\\"static\\":\\"\\\\\\\\\\\\\\\\\\"}},
  \\"errors\\": [
    {\\"type\\":0,\\"body\\":{\\"type\\":2,\\"items\\":[{\\"type\\":3,\\"value\\":\\"ERROR1001\\"}],\\"static\\":\\"ERROR1001\\"}},
    {\\"type\\":0,\\"body\\":{\\"type\\":2,\\"items\\":[{\\"type\\":3,\\"value\\":\\"ERROR1002\\"}],\\"static\\":\\"ERROR1002\\"}},
    
  ],
  \\"complex\\": {
    \\"warnings\\": [
      {\\"type\\":0,\\"body\\":{\\"type\\":2,\\"items\\":[{\\"type\\":3,\\"value\\":\\"NOTE: This is warning\\"}],\\"static\\":\\"NOTE: This is warning\\"}},
      {
        \\"named-waring\\": {\\"type\\":0,\\"body\\":{\\"type\\":2,\\"items\\":[{\\"type\\":3,\\"value\\":\\"this is \\"},{\\"type\\":4,\\"key\\":\\"type\\"},{\\"type\\":3,\\"value\\":\\" warining\\"}]}}
      }
    ]
  }
}
export default resource"
`;

exports[`json5 > code 1`] = `
"const resource = {
  \\"hi\\": (()=>{const fn=(ctx) => {const { normalize: _normalize } = ctx;return _normalize([\\"hi there!\\"])};fn.source=\\"hi there!\\";return fn;})(),
  \\"nested\\": {
    \\"hello\\": (()=>{const fn=(ctx) => {const { normalize: _normalize } = ctx;return _normalize([\\"hello world!\\"])};fn.source=\\"hello world!\\";return fn;})(),
    \\"more\\": {
      \\"plural\\": (()=>{const fn=(ctx) => {const { normalize: _normalize, linked: _linked, type: _type, interpolate: _interpolate, list: _list, named: _named, plural: _plural } = ctx;return _plural([_normalize([_linked(\\"no apples\\", \\"caml\\", _type)]), _normalize([_interpolate(_list(0)), \\" apple\\"]), _normalize([_interpolate(_named(\\"n\\")), \\" apples\\"])])};fn.source=\\"@.caml:{'no apples'} | {0} apple | {n} apples\\";return fn;})()
    },
    \\"list\\": (()=>{const fn=(ctx) => {const { normalize: _normalize, interpolate: _interpolate, list: _list } = ctx;return _normalize([\\"hi, \\", _interpolate(_list(0)), \\" !\\"])};fn.source=\\"hi, {0} !\\";return fn;})()
  },
  \\"„Åì„Çì„Å´„Å°„ÅØ\\": (()=>{const fn=(ctx) => {const { normalize: _normalize } = ctx;return _normalize([\\"„Åì„Çì„Å´„Å°„ÅØÔºÅ\\"])};fn.source=\\"„Åì„Çì„Å´„Å°„ÅØÔºÅ\\";return fn;})(),
  \\"single-quote\\": (()=>{const fn=(ctx) => {const { normalize: _normalize } = ctx;return _normalize([\\"I don't know!\\"])};fn.source=\\"I don't know!\\";return fn;})(),
  \\"emoji\\": (()=>{const fn=(ctx) => {const { normalize: _normalize } = ctx;return _normalize([\\"üò∫\\"])};fn.source=\\"üò∫\\";return fn;})(),
  \\"unicode\\": (()=>{const fn=(ctx) => {const { normalize: _normalize } = ctx;return _normalize([\\"A\\"])};fn.source=\\"A\\";return fn;})(),
  \\"unicode-escape\\": (()=>{const fn=(ctx) => {const { normalize: _normalize } = ctx;return _normalize([\\"\\\\\\\\u0041\\"])};fn.source=\\"\\\\\\\\u0041\\";return fn;})(),
  \\"backslash-single-quote\\": (()=>{const fn=(ctx) => {const { normalize: _normalize } = ctx;return _normalize([\\"\\\\\\\\'\\"])};fn.source=\\"\\\\\\\\'\\";return fn;})(),
  \\"backslash-backslash\\": (()=>{const fn=(ctx) => {const { normalize: _normalize } = ctx;return _normalize([\\"\\\\\\\\\\\\\\\\\\"])};fn.source=\\"\\\\\\\\\\\\\\\\\\";return fn;})(),
  \\"errors\\": [
    (()=>{const fn=(ctx) => {const { normalize: _normalize } = ctx;return _normalize([\\"ERROR1001\\"])};fn.source=\\"ERROR1001\\";return fn;})(),
    (()=>{const fn=(ctx) => {const { normalize: _normalize } = ctx;return _normalize([\\"ERROR1002\\"])};fn.source=\\"ERROR1002\\";return fn;})(),
    
  ],
  \\"complex\\": {
    \\"warnings\\": [
      (()=>{const fn=(ctx) => {const { normalize: _normalize } = ctx;return _normalize([\\"NOTE: This is warning\\"])};fn.source=\\"NOTE: This is warning\\";return fn;})(),
      {
        \\"named-waring\\": (()=>{const fn=(ctx) => {const { normalize: _normalize, interpolate: _interpolate, named: _named } = ctx;return _normalize([\\"this is \\", _interpolate(_named(\\"type\\")), \\" warining\\"])};fn.source=\\"this is {type} warining\\";return fn;})()
      }
    ]
  }
}
export default resource"
`;

exports[`json5 > map 1`] = `
{
  "mappings": ";wEACKA;;6EAEKC;;uMAEGC,aAAAC,8BAAAC,wBAAAC,wBAAAC,2BAAAC;;oHAEJC,QAAAJ,wBAAAK;;;6EAGCC;oFACOC;2EACTC;6EACEC;sFACSC;8FACQC;2FACHC;;sEAErBC,aAAaC;;;;wEAIXC;;oIAEkBC,YAAAC,8BAAAC",
  "names": [
    "hi there!",
    "hello world!",
    "no apples",
    "caml",
    "0",
    " apple",
    "n",
    " apples",
    "hi, ",
    " !",
    "„Åì„Çì„Å´„Å°„ÅØÔºÅ",
    "I don't know!",
    "üò∫",
    "A",
    "\\\\u0041",
    "\\\\'",
    "\\\\\\\\",
    "ERROR1001",
    "ERROR1002",
    "NOTE: This is warning",
    "this is ",
    "type",
    " warining",
  ],
  "sources": [
    "vue-i18n-loader.json",
  ],
  "sourcesContent": [
    "{
  hi: \\"hi there!\\",
  nested: {
    hello: \\"hello world!\\",
    more: {
      plural: \\"@.caml:{'no apples'} | {0} apple | {n} apples\\"
    },
    list: \\"hi, {0} !\\"
  },
  // comment
  \\"„Åì„Çì„Å´„Å°„ÅØ\\": \\"„Åì„Çì„Å´„Å°„ÅØÔºÅ\\",
  \\"single-quote\\": \\"I don't know!\\",
  emoji: \\"üò∫\\",
  unicode: \\"\\\\u0041\\",
  \\"unicode-escape\\": \\"\\\\\\\\u0041\\",
  \\"backslash-single-quote\\": \\"\\\\\\\\'\\",
  \\"backslash-backslash\\": \\"\\\\\\\\\\\\\\\\\\",
  errors: [
    'ERROR1001', 'ERROR1002'
  ],
  complex: {
    warnings: [
      'NOTE: This is warning',
      {
        \\"named-waring\\": 'this is {type} warining'
      }
    ]
  }
}
",
  ],
  "version": 3,
}
`;
