// Vitest Snapshot v1, https://vitest.dev/guide/snapshot.html

exports[`bridge 1`] = `
[
  {
    "locale": "",
    "resource": {
      "en": {
        "backslash-backslash": [Function],
        "backslash-single-quote": [Function],
        "emoji": [Function],
        "hello": [Function],
        "hi, {name} !": [Function],
        "linked": [Function],
        "list": [Function],
        "literal": [Function],
        "named": [Function],
        "nest": {
          "lieteral": [Function],
        },
        "plural": [Function],
        "single-quote": [Function],
        "unicode": [Function],
        "unicode-escape": [Function],
        "„Åì„Çì„Å´„Å°„ÅØ": [Function],
      },
      "ja": {
        "hello": [Function],
      },
    },
  },
]
`;

exports[`bridge 2`] = `
[
  "{\\"en\\":{\\"hello\\":\\"hello world!\\",\\"named\\":\\"hi, {name} !\\",\\"list\\":\\"hi, {0} !\\",\\"literal\\":\\"hi, {  'kazupon'  } !\\",\\"linked\\":\\"hi, @:name !\\",\\"plural\\":\\"@.caml:{'no apples'} | {0} apple | {n} apples\\",\\"nest\\":{\\"lieteral\\":\\"hi, kazupon !\\"},\\"hi, {name} !\\":\\"hi hi!\\",\\"„Åì„Çì„Å´„Å°„ÅØ\\":\\"„Åì„Çì„Å´„Å°„ÅØÔºÅ\\",\\"single-quote\\":\\"I don't know!\\",\\"emoji\\":\\"üò∫\\",\\"unicode\\":\\"A\\",\\"unicode-escape\\":\\"\\\\\\\\u0041\\",\\"backslash-single-quote\\":\\"\\\\\\\\'\\",\\"backslash-backslash\\":\\"\\\\\\\\\\\\\\\\\\"},\\"ja\\":{\\"hello\\":\\"„Åì„Çì„Å´„Å°„ÅØÔºÅ\\"}}",
]
`;
