// Vitest Snapshot v1, https://vitest.dev/guide/snapshot.html

exports[`custom blocks: json 1`] = `";;;;;;;;;;AAAa;AACb,8CAA6C,EAAE,aAAa,EAAC;AAC7D;AACA;AACA,kBAAe;AACf;AACA;AACA;AACA;AACA;AACA;;;;;;;;;;;;;;;;;ACVA;AACA;AACA,CAAuE;AACvE,WAAW,yFAAM,iBAAiB,6FAAM;;;AAGxC,CAAoI;AACpI,iCAAiC,kJAAe;;AAEhD,iEAAe;;;;;;;;;;;;;;ACTf,6BAAe,oCAAU;AACzB;AACA;AACA;AACA;AACA;AACA;AACA,uBAAuB,mBAAmB,QAAQ,wBAAwB,MAAM,qCAAqC,yBAAyB,WAAW;AACzJ;AACA;AACA,GAAG;AACH;;;;;;;UCXA;UACA;;UAEA;UACA;UACA;UACA;UACA;UACA;UACA;UACA;UACA;UACA;UACA;UACA;UACA;;UAEA;UACA;;UAEA;UACA;UACA;;;;;WCtBA;WACA;WACA;WACA;WACA,yCAAyC,wCAAwC;WACjF;WACA;WACA;;;;;WCPA;;;;;WCAA;WACA;WACA;WACA,uDAAuD,iBAAiB;WACxE;WACA,gDAAgD,aAAa;WAC7D;;;;;;;;;;;;;;;ACN+B;AACG;;AAElC;AACA,kBAAkB,+CAAS;AAC3B,mBAAmB,oCAAO;AAC1B;;AAEA,iEAAe,+CAAS"`;

exports[`custom blocks: json5 1`] = `";;;;;;;;;;AAAa;AACb,8CAA6C,EAAE,aAAa,EAAC;AAC7D;AACA;AACA,kBAAe;AACf;AACA;AACA;AACA;AACA;AACA;;;;;;;;;;;;;;;;;ACVA;AACA;AACA,CAAkF;AAClF,WAAW,oGAAM,iBAAiB,wGAAM;;;AAGxC,CAAoI;AACpI,iCAAiC,kJAAe;;AAEhD,iEAAe;;;;;;;;;;;;;;ACTf,6BAAe,oCAAU;AACzB;AACA;AACA;AACA;AACA;AACA;AACA,uBAAuB,mBAAmB,QAAQ,wBAAwB,MAAM,qCAAqC,yBAAyB,WAAW;AACzJ;AACA;AACA,GAAG;AACH;;;;;;;UCXA;UACA;;UAEA;UACA;UACA;UACA;UACA;UACA;UACA;UACA;UACA;UACA;UACA;UACA;UACA;;UAEA;UACA;;UAEA;UACA;UACA;;;;;WCtBA;WACA;WACA;WACA;WACA,yCAAyC,wCAAwC;WACjF;WACA;WACA;;;;;WCPA;;;;;WCAA;WACA;WACA;WACA,uDAAuD,iBAAiB;WACxE;WACA,gDAAgD,aAAa;WAC7D;;;;;;;;;;;;;;;ACN+B;AACG;;AAElC;AACA,kBAAkB,+CAAS;AAC3B,mBAAmB,oCAAO;AAC1B;;AAEA,iEAAe,+CAAS"`;

exports[`custom blocks: yaml 1`] = `";;;;;;;;;;AAAa;AACb,8CAA6C,EAAE,aAAa,EAAC;AAC7D;AACA;AACA,kBAAe;AACf;AACA;AACA;AACA;AACA;AACA;;;;;;;;;;;;;;;;;;ACVA;AACA;AACA,CAA0F;AAC1F,WAAW,4GAAM,iBAAiB,gHAAM;AACxC,CAAyF;AACzF,WAAW,2GAAM,iBAAiB,+GAAM;;;AAGxC,CAAoI;AACpI,iCAAiC,kJAAe;;AAEhD,iEAAe;;;;;;;;;;;;;;ACXf,6BAAe,oCAAU;AACzB;AACA;AACA;AACA;AACA;AACA,qBAAqB,mBAAmB,QAAQ,wBAAwB,MAAM,qCAAqC,yBAAyB,WAAW;AACvJ;AACA,GAAG;AACH;;;;;;;;;;;;;;ACTA,6BAAe,oCAAU;AACzB;AACA;AACA;AACA;AACA;AACA,qBAAqB,mBAAmB,QAAQ,wBAAwB,MAAM,kCAAkC,sBAAsB,WAAW;AACjJ;AACA,GAAG;AACH;;;;;;UCTA;UACA;;UAEA;UACA;UACA;UACA;UACA;UACA;UACA;UACA;UACA;UACA;UACA;UACA;UACA;;UAEA;UACA;;UAEA;UACA;UACA;;;;;WCtBA;WACA;WACA;WACA;WACA,yCAAyC,wCAAwC;WACjF;WACA;WACA;;;;;WCPA;;;;;WCAA;WACA;WACA;WACA,uDAAuD,iBAAiB;WACxE;WACA,gDAAgD,aAAa;WAC7D;;;;;;;;;;;;;;;ACN+B;AACG;;AAElC;AACA,kBAAkB,+CAAS;AAC3B,mBAAmB,oCAAO;AAC1B;;AAEA,iEAAe,+CAAS"`;

exports[`custom blocks: yml 1`] = `";;;;;;;;;;AAAa;AACb,8CAA6C,EAAE,aAAa,EAAC;AAC7D;AACA;AACA,kBAAe;AACf;AACA;AACA;AACA;AACA;AACA;;;;;;;;;;;;;;;;;ACVA;AACA;AACA,CAA8E;AAC9E,WAAW,gGAAM,iBAAiB,oGAAM;;;AAGxC,CAAoI;AACpI,iCAAiC,kJAAe;;AAEhD,iEAAe;;;;;;;;;;;;;;ACTf,6BAAe,oCAAU;AACzB;AACA;AACA;AACA;AACA;AACA,uBAAuB,mBAAmB,QAAQ,8HAA8H,MAAM,yKAAyK,mBAAmB,aAAa,GAAG,GAAG,SAAS,GAAG,QAAQ,WAAW;AACpa;AACA,GAAG;AACH;;;;;;UCTA;UACA;;UAEA;UACA;UACA;UACA;UACA;UACA;UACA;UACA;UACA;UACA;UACA;UACA;UACA;;UAEA;UACA;;UAEA;UACA;UACA;;;;;WCtBA;WACA;WACA;WACA;WACA,yCAAyC,wCAAwC;WACjF;WACA;WACA;;;;;WCPA;;;;;WCAA;WACA;WACA;WACA,uDAAuD,iBAAiB;WACxE;WACA,gDAAgD,aAAa;WAC7D;;;;;;;;;;;;;;;ACN+B;AACG;;AAElC;AACA,kBAAkB,+CAAS;AAC3B,mBAAmB,oCAAO;AAC1B;;AAEA,iEAAe,+CAAS"`;

exports[`resource files: json 1`] = `";;;;;;;;;;;;;;AAAA;AACA,mBAAmB,mBAAmB,QAAQ,8HAA8H,MAAM,yKAAyK,mBAAmB,aAAa,GAAG,GAAG,SAAS,GAAG,QAAQ,WAAW;AACha;AACA,mBAAmB,mBAAmB,QAAQ,kEAAkE,MAAM,kEAAkE,kBAAkB,KAAK,GAAG,WAAW;AAC7N,GAAG;AACH;AACA,UAAU,mBAAmB,QAAQ,wBAAwB,MAAM,8BAA8B,kBAAkB,WAAW;AAC9H;AACA;AACA,mBAAmB,mBAAmB,QAAQ,wBAAwB,MAAM,8BAA8B,kBAAkB,WAAW;AACvI;AACA;AACA;AACA,iEAAe;;;;;;UCbf;UACA;;UAEA;UACA;UACA;UACA;UACA;UACA;UACA;UACA;UACA;UACA;UACA;UACA;UACA;;UAEA;UACA;;UAEA;UACA;UACA;;;;;WCtBA;WACA;WACA;WACA;WACA,yCAAyC,wCAAwC;WACjF;WACA;WACA;;;;;WCPA;;;;;WCAA;WACA;WACA;WACA,uDAAuD,iBAAiB;WACxE;WACA,gDAAgD,aAAa;WAC7D;;;;;;;;;;;;;;;ACN+B;AACG;;AAElC;AACA,kBAAkB,+CAAS;AAC3B,mBAAmB,oCAAO;AAC1B;;AAEA,iEAAe,+CAAS"`;

exports[`resource files: json5 1`] = `";;;;;;;;;;;;;;AAAA;AACA,mBAAmB,mBAAmB,QAAQ,8HAA8H,MAAM,yKAAyK,mBAAmB,aAAa,GAAG,GAAG,SAAS,GAAG,QAAQ,WAAW;AACha;AACA,iEAAe;;;;;;UCHf;UACA;;UAEA;UACA;UACA;UACA;UACA;UACA;UACA;UACA;UACA;UACA;UACA;UACA;UACA;;UAEA;UACA;;UAEA;UACA;UACA;;;;;WCtBA;WACA;WACA;WACA;WACA,yCAAyC,wCAAwC;WACjF;WACA;WACA;;;;;WCPA;;;;;WCAA;WACA;WACA;WACA,uDAAuD,iBAAiB;WACxE;WACA,gDAAgD,aAAa;WAC7D;;;;;;;;;;;;;;;ACN+B;AACG;;AAElC;AACA,kBAAkB,+CAAS;AAC3B,mBAAmB,oCAAO;AAC1B;;AAEA,iEAAe,+CAAS"`;

exports[`resource files: yaml 1`] = `";;;;;;;;;;;;;;AAAA;AACA,mBAAmB,mBAAmB,QAAQ,8HAA8H,MAAM,yKAAyK,mBAAmB,aAAa,GAAG,GAAG,SAAS,GAAG,QAAQ,WAAW;AACha;AACA,iEAAe;;;;;;UCHf;UACA;;UAEA;UACA;UACA;UACA;UACA;UACA;UACA;UACA;UACA;UACA;UACA;UACA;UACA;;UAEA;UACA;;UAEA;UACA;UACA;;;;;WCtBA;WACA;WACA;WACA;WACA,yCAAyC,wCAAwC;WACjF;WACA;WACA;;;;;WCPA;;;;;WCAA;WACA;WACA;WACA,uDAAuD,iBAAiB;WACxE;WACA,gDAAgD,aAAa;WAC7D;;;;;;;;;;;;;;;ACN+B;AACG;;AAElC;AACA,kBAAkB,+CAAS;AAC3B,mBAAmB,oCAAO;AAC1B;;AAEA,iEAAe,+CAAS"`;
