// Jest Snapshot v1, https://goo.gl/fbAQLP

exports[`custom blocks json 1`] = `";;;;;;;;;;;;;;;;;;;;;;AAGA,IAAI,OAAO,WAAW,aAAa;SAC1B,SAASA;SACT,UAAU;AAAA;"`;

exports[`custom blocks json5 1`] = `";;;;;;;;;;;;;;;;;;;;;;AAGA,IAAI,OAAO,WAAW,aAAa;SAC1B,SAASA;SACT,UAAU;AAAA;"`;

exports[`custom blocks yaml 1`] = `";;;;;;;;;;;;;;;;;;;;;;;;;;;;;;;;;;AAGA,IAAI,OAAO,WAAW,aAAa;SAC1B,SAASA;SACT,UAAU;AAAA;"`;

exports[`custom blocks yml 1`] = `";;;;;;;;;;;;;;;;;;;;AAGA,IAAI,OAAO,WAAW,aAAa;SAC1B,SAASA;SACT,UAAU;AAAA;"`;

exports[`resource files json 1`] = `";;;2EACYA,gDAAAC;;;;;wBAEAC;;;;;;;;;;;;;;;;;;;;;;ACAZ,IAAI,OAAO,WAAW,aAAa;SAC1B,SAAS;SACT,UAAU;AAAA;"`;

exports[`resource files json5 1`] = `";;;;;;;;;;;AAGA,IAAI,OAAO,WAAW,aAAa;SAC1B,SAAS;SACT,UAAU;AAAA;"`;

exports[`resource files yaml 1`] = `";;;;;;;;;;;AAGA,IAAI,OAAO,WAAW,aAAa;SAC1B,SAAS;SACT,UAAU;AAAA;"`;
